------------------------------------------------------------
TimeQuest Timing Analyzer Summary
------------------------------------------------------------

Type  : Slow Model Setup 'CLOCK_50'
Slack : 4.783
TNS   : 0.000

Type  : Slow Model Hold 'CLOCK_50'
Slack : -2.641
TNS   : -5.133

Type  : Slow Model Recovery 'CLOCK_50'
Slack : 17.444
TNS   : 0.000

Type  : Slow Model Removal 'CLOCK_50'
Slack : 1.589
TNS   : 0.000

Type  : Slow Model Minimum Pulse Width 'CLOCK_50'
Slack : 7.620
TNS   : 0.000

Type  : Slow Model Minimum Pulse Width 'altera_reserved_tck'
Slack : 97.778
TNS   : 0.000

Type  : Fast Model Setup 'CLOCK_50'
Slack : 13.340
TNS   : 0.000

Type  : Fast Model Hold 'CLOCK_50'
Slack : -1.827
TNS   : -3.565

Type  : Fast Model Recovery 'CLOCK_50'
Slack : 18.719
TNS   : 0.000

Type  : Fast Model Removal 'CLOCK_50'
Slack : 0.811
TNS   : 0.000

Type  : Fast Model Minimum Pulse Width 'CLOCK_50'
Slack : 7.620
TNS   : 0.000

Type  : Fast Model Minimum Pulse Width 'altera_reserved_tck'
Slack : 97.778
TNS   : 0.000

------------------------------------------------------------
